---
http_interactions:
- request:
    method: get
    uri: https://api.themoviedb.org/3/movie/808
    body:
      encoding: US-ASCII
      string: ''
    headers:
      Authorization:
      - movie_db_token>
      User-Agent:
      - Faraday v2.7.4
      Accept-Encoding:
      - gzip;q=1.0,deflate;q=0.6,identity;q=0.3
      Accept:
      - "*/*"
  response:
    status:
      code: 200
      message: OK
    headers:
      Content-Type:
      - application/json;charset=utf-8
      Transfer-Encoding:
      - chunked
      Connection:
      - keep-alive
      Date:
      - Mon, 03 Apr 2023 19:10:50 GMT
      Server:
      - openresty
      Cache-Control:
      - public, max-age=24273
      X-Memc:
      - HIT
      X-Memc-Key:
      - fa36800a4a699b32ba20de24746e1936
      X-Memc-Age:
      - '12246'
      X-Memc-Expires:
      - '4648'
      Etag:
      - W/"8a2c65ed07ba5b5c81b08f11091230b2"
      Vary:
      - Accept-Encoding
      - Origin
      X-Cache:
      - Hit from cloudfront
      Via:
      - 1.1 1c13683c7de319f25e08f83861fc6dc2.cloudfront.net (CloudFront)
      X-Amz-Cf-Pop:
      - DEN52-P2
      Alt-Svc:
      - h3=":443"; ma=86400
      X-Amz-Cf-Id:
      - Jv_3d0fYWt7lrMI2QgLiQuLwL_Q8MWVqY3sCrDgHdHerJV-cHiayFg==
      Age:
      - '3'
    body:
      encoding: ASCII-8BIT
      string: '{"adult":false,"backdrop_path":"/sRvXNDItGlWCqtO3j6wks52FmbD.jpg","belongs_to_collection":{"id":2150,"name":"Shrek
        Collection","poster_path":"/qNHZMe92A7Pyl46qUH29hVOtbSK.jpg","backdrop_path":"/gMWrKQjoTIpYjhc8SxZF20EDIES.jpg"},"budget":60000000,"genres":[{"id":16,"name":"Animation"},{"id":35,"name":"Comedy"},{"id":14,"name":"Fantasy"},{"id":12,"name":"Adventure"},{"id":10751,"name":"Family"}],"homepage":"http://www.dreamworksanimation.com/shrek/","id":808,"imdb_id":"tt0126029","original_language":"en","original_title":"Shrek","overview":"It
        ain''t easy bein'' green -- especially if you''re a likable (albeit smelly)
        ogre named Shrek. On a mission to retrieve a gorgeous princess from the clutches
        of a fire-breathing dragon, Shrek teams up with an unlikely compatriot --
        a wisecracking donkey.","popularity":244.15,"poster_path":"/iB64vpL3dIObOtMZgX3RqdVdQDc.jpg","production_companies":[{"id":7,"logo_path":"/vru2SssLX3FPhnKZGtYw00pVIS9.png","name":"DreamWorks
        Pictures","origin_country":"US"},{"id":520,"logo_path":"/pU7YTI9FfrICurXpl5V9TfCO0oJ.png","name":"Pacific
        Data Images","origin_country":"US"},{"id":521,"logo_path":"/kP7t6RwGz2AvvTkvnI1uteEwHet.png","name":"DreamWorks
        Animation","origin_country":"US"}],"production_countries":[{"iso_3166_1":"US","name":"United
        States of America"}],"release_date":"2001-05-18","revenue":487853320,"runtime":90,"spoken_languages":[{"english_name":"English","iso_639_1":"en","name":"English"}],"status":"Released","tagline":"The
        greatest fairy tale never told.","title":"Shrek","video":false,"vote_average":7.718,"vote_count":15104}'
  recorded_at: Mon, 03 Apr 2023 19:10:53 GMT
- request:
    method: get
    uri: https://api.themoviedb.org/3/movie/808
    body:
      encoding: US-ASCII
      string: ''
    headers:
      Authorization:
      - movie_db_token>
      User-Agent:
      - Faraday v2.7.4
      Accept-Encoding:
      - gzip;q=1.0,deflate;q=0.6,identity;q=0.3
      Accept:
      - "*/*"
  response:
    status:
      code: 200
      message: OK
    headers:
      Content-Type:
      - application/json;charset=utf-8
      Transfer-Encoding:
      - chunked
      Connection:
      - keep-alive
      Date:
      - Mon, 03 Apr 2023 19:10:50 GMT
      Server:
      - openresty
      Cache-Control:
      - public, max-age=24273
      X-Memc:
      - HIT
      X-Memc-Key:
      - fa36800a4a699b32ba20de24746e1936
      X-Memc-Age:
      - '12246'
      X-Memc-Expires:
      - '4648'
      Etag:
      - W/"8a2c65ed07ba5b5c81b08f11091230b2"
      Vary:
      - Accept-Encoding
      - Origin
      X-Cache:
      - Hit from cloudfront
      Via:
      - 1.1 d898fedd2c97412525c0a8011787cf32.cloudfront.net (CloudFront)
      X-Amz-Cf-Pop:
      - DEN52-P2
      Alt-Svc:
      - h3=":443"; ma=86400
      X-Amz-Cf-Id:
      - WCbklAoNFORNoRGF9_o9ijVsJHlSZMUp8_LdD7lh-ySfyP1JccyhsA==
      Age:
      - '4'
    body:
      encoding: ASCII-8BIT
      string: '{"adult":false,"backdrop_path":"/sRvXNDItGlWCqtO3j6wks52FmbD.jpg","belongs_to_collection":{"id":2150,"name":"Shrek
        Collection","poster_path":"/qNHZMe92A7Pyl46qUH29hVOtbSK.jpg","backdrop_path":"/gMWrKQjoTIpYjhc8SxZF20EDIES.jpg"},"budget":60000000,"genres":[{"id":16,"name":"Animation"},{"id":35,"name":"Comedy"},{"id":14,"name":"Fantasy"},{"id":12,"name":"Adventure"},{"id":10751,"name":"Family"}],"homepage":"http://www.dreamworksanimation.com/shrek/","id":808,"imdb_id":"tt0126029","original_language":"en","original_title":"Shrek","overview":"It
        ain''t easy bein'' green -- especially if you''re a likable (albeit smelly)
        ogre named Shrek. On a mission to retrieve a gorgeous princess from the clutches
        of a fire-breathing dragon, Shrek teams up with an unlikely compatriot --
        a wisecracking donkey.","popularity":244.15,"poster_path":"/iB64vpL3dIObOtMZgX3RqdVdQDc.jpg","production_companies":[{"id":7,"logo_path":"/vru2SssLX3FPhnKZGtYw00pVIS9.png","name":"DreamWorks
        Pictures","origin_country":"US"},{"id":520,"logo_path":"/pU7YTI9FfrICurXpl5V9TfCO0oJ.png","name":"Pacific
        Data Images","origin_country":"US"},{"id":521,"logo_path":"/kP7t6RwGz2AvvTkvnI1uteEwHet.png","name":"DreamWorks
        Animation","origin_country":"US"}],"production_countries":[{"iso_3166_1":"US","name":"United
        States of America"}],"release_date":"2001-05-18","revenue":487853320,"runtime":90,"spoken_languages":[{"english_name":"English","iso_639_1":"en","name":"English"}],"status":"Released","tagline":"The
        greatest fairy tale never told.","title":"Shrek","video":false,"vote_average":7.718,"vote_count":15104}'
  recorded_at: Mon, 03 Apr 2023 19:10:54 GMT
- request:
    method: get
    uri: https://api.themoviedb.org/3/movie/808
    body:
      encoding: US-ASCII
      string: ''
    headers:
      Authorization:
      - movie_db_token>
      User-Agent:
      - Faraday v2.7.4
      Accept-Encoding:
      - gzip;q=1.0,deflate;q=0.6,identity;q=0.3
      Accept:
      - "*/*"
  response:
    status:
      code: 200
      message: OK
    headers:
      Content-Type:
      - application/json;charset=utf-8
      Transfer-Encoding:
      - chunked
      Connection:
      - keep-alive
      Date:
      - Mon, 03 Apr 2023 19:10:50 GMT
      Server:
      - openresty
      Cache-Control:
      - public, max-age=24273
      X-Memc:
      - HIT
      X-Memc-Key:
      - fa36800a4a699b32ba20de24746e1936
      X-Memc-Age:
      - '12246'
      X-Memc-Expires:
      - '4648'
      Etag:
      - W/"8a2c65ed07ba5b5c81b08f11091230b2"
      Vary:
      - Accept-Encoding
      - Origin
      X-Cache:
      - Hit from cloudfront
      Via:
      - 1.1 5257b3c7acd3727a389946b312557ff2.cloudfront.net (CloudFront)
      X-Amz-Cf-Pop:
      - DEN52-P2
      Alt-Svc:
      - h3=":443"; ma=86400
      X-Amz-Cf-Id:
      - _flAeekd1B3qAojx39BvV-3A1Q9etRJgGZQw9Lj-oQ80G77tqULgoQ==
      Age:
      - '43'
    body:
      encoding: ASCII-8BIT
      string: '{"adult":false,"backdrop_path":"/sRvXNDItGlWCqtO3j6wks52FmbD.jpg","belongs_to_collection":{"id":2150,"name":"Shrek
        Collection","poster_path":"/qNHZMe92A7Pyl46qUH29hVOtbSK.jpg","backdrop_path":"/gMWrKQjoTIpYjhc8SxZF20EDIES.jpg"},"budget":60000000,"genres":[{"id":16,"name":"Animation"},{"id":35,"name":"Comedy"},{"id":14,"name":"Fantasy"},{"id":12,"name":"Adventure"},{"id":10751,"name":"Family"}],"homepage":"http://www.dreamworksanimation.com/shrek/","id":808,"imdb_id":"tt0126029","original_language":"en","original_title":"Shrek","overview":"It
        ain''t easy bein'' green -- especially if you''re a likable (albeit smelly)
        ogre named Shrek. On a mission to retrieve a gorgeous princess from the clutches
        of a fire-breathing dragon, Shrek teams up with an unlikely compatriot --
        a wisecracking donkey.","popularity":244.15,"poster_path":"/iB64vpL3dIObOtMZgX3RqdVdQDc.jpg","production_companies":[{"id":7,"logo_path":"/vru2SssLX3FPhnKZGtYw00pVIS9.png","name":"DreamWorks
        Pictures","origin_country":"US"},{"id":520,"logo_path":"/pU7YTI9FfrICurXpl5V9TfCO0oJ.png","name":"Pacific
        Data Images","origin_country":"US"},{"id":521,"logo_path":"/kP7t6RwGz2AvvTkvnI1uteEwHet.png","name":"DreamWorks
        Animation","origin_country":"US"}],"production_countries":[{"iso_3166_1":"US","name":"United
        States of America"}],"release_date":"2001-05-18","revenue":487853320,"runtime":90,"spoken_languages":[{"english_name":"English","iso_639_1":"en","name":"English"}],"status":"Released","tagline":"The
        greatest fairy tale never told.","title":"Shrek","video":false,"vote_average":7.718,"vote_count":15104}'
  recorded_at: Mon, 03 Apr 2023 19:11:33 GMT
- request:
    method: get
    uri: https://api.themoviedb.org/3/movie/808
    body:
      encoding: US-ASCII
      string: ''
    headers:
      Authorization:
      - movie_db_token>
      User-Agent:
      - Faraday v2.7.4
      Accept-Encoding:
      - gzip;q=1.0,deflate;q=0.6,identity;q=0.3
      Accept:
      - "*/*"
  response:
    status:
      code: 200
      message: OK
    headers:
      Content-Type:
      - application/json;charset=utf-8
      Transfer-Encoding:
      - chunked
      Connection:
      - keep-alive
      Date:
      - Mon, 03 Apr 2023 19:10:50 GMT
      Server:
      - openresty
      Cache-Control:
      - public, max-age=24273
      X-Memc:
      - HIT
      X-Memc-Key:
      - fa36800a4a699b32ba20de24746e1936
      X-Memc-Age:
      - '12246'
      X-Memc-Expires:
      - '4648'
      Etag:
      - W/"8a2c65ed07ba5b5c81b08f11091230b2"
      Vary:
      - Accept-Encoding
      - Origin
      X-Cache:
      - Hit from cloudfront
      Via:
      - 1.1 1152d84b916a23e4b38cef1a20064b3e.cloudfront.net (CloudFront)
      X-Amz-Cf-Pop:
      - DEN52-P2
      Alt-Svc:
      - h3=":443"; ma=86400
      X-Amz-Cf-Id:
      - EDcDL_Vn7Zn1kFVlM8VFGBIWkYK4GSCzTqVmMbqoo_Fb1vmSFP1_mQ==
      Age:
      - '43'
    body:
      encoding: ASCII-8BIT
      string: '{"adult":false,"backdrop_path":"/sRvXNDItGlWCqtO3j6wks52FmbD.jpg","belongs_to_collection":{"id":2150,"name":"Shrek
        Collection","poster_path":"/qNHZMe92A7Pyl46qUH29hVOtbSK.jpg","backdrop_path":"/gMWrKQjoTIpYjhc8SxZF20EDIES.jpg"},"budget":60000000,"genres":[{"id":16,"name":"Animation"},{"id":35,"name":"Comedy"},{"id":14,"name":"Fantasy"},{"id":12,"name":"Adventure"},{"id":10751,"name":"Family"}],"homepage":"http://www.dreamworksanimation.com/shrek/","id":808,"imdb_id":"tt0126029","original_language":"en","original_title":"Shrek","overview":"It
        ain''t easy bein'' green -- especially if you''re a likable (albeit smelly)
        ogre named Shrek. On a mission to retrieve a gorgeous princess from the clutches
        of a fire-breathing dragon, Shrek teams up with an unlikely compatriot --
        a wisecracking donkey.","popularity":244.15,"poster_path":"/iB64vpL3dIObOtMZgX3RqdVdQDc.jpg","production_companies":[{"id":7,"logo_path":"/vru2SssLX3FPhnKZGtYw00pVIS9.png","name":"DreamWorks
        Pictures","origin_country":"US"},{"id":520,"logo_path":"/pU7YTI9FfrICurXpl5V9TfCO0oJ.png","name":"Pacific
        Data Images","origin_country":"US"},{"id":521,"logo_path":"/kP7t6RwGz2AvvTkvnI1uteEwHet.png","name":"DreamWorks
        Animation","origin_country":"US"}],"production_countries":[{"iso_3166_1":"US","name":"United
        States of America"}],"release_date":"2001-05-18","revenue":487853320,"runtime":90,"spoken_languages":[{"english_name":"English","iso_639_1":"en","name":"English"}],"status":"Released","tagline":"The
        greatest fairy tale never told.","title":"Shrek","video":false,"vote_average":7.718,"vote_count":15104}'
  recorded_at: Mon, 03 Apr 2023 19:11:33 GMT
- request:
    method: get
    uri: https://api.themoviedb.org/3/movie/808
    body:
      encoding: US-ASCII
      string: ''
    headers:
      Authorization:
      - movie_db_token>
      User-Agent:
      - Faraday v2.7.4
      Accept-Encoding:
      - gzip;q=1.0,deflate;q=0.6,identity;q=0.3
      Accept:
      - "*/*"
  response:
    status:
      code: 200
      message: OK
    headers:
      Content-Type:
      - application/json;charset=utf-8
      Transfer-Encoding:
      - chunked
      Connection:
      - keep-alive
      Date:
      - Mon, 03 Apr 2023 19:10:50 GMT
      Server:
      - openresty
      Cache-Control:
      - public, max-age=24273
      X-Memc:
      - HIT
      X-Memc-Key:
      - fa36800a4a699b32ba20de24746e1936
      X-Memc-Age:
      - '12246'
      X-Memc-Expires:
      - '4648'
      Etag:
      - W/"8a2c65ed07ba5b5c81b08f11091230b2"
      Vary:
      - Accept-Encoding
      - Origin
      X-Cache:
      - Hit from cloudfront
      Via:
      - 1.1 77cfd797d789c3b8bc1b8f2f8a42a9c6.cloudfront.net (CloudFront)
      X-Amz-Cf-Pop:
      - DEN52-P2
      Alt-Svc:
      - h3=":443"; ma=86400
      X-Amz-Cf-Id:
      - 7_7qhCPfzDYVjy1wn29P29AyaIFWZZyWMYEY5D_MHxPmtQtd6Jo5KQ==
      Age:
      - '43'
    body:
      encoding: ASCII-8BIT
      string: '{"adult":false,"backdrop_path":"/sRvXNDItGlWCqtO3j6wks52FmbD.jpg","belongs_to_collection":{"id":2150,"name":"Shrek
        Collection","poster_path":"/qNHZMe92A7Pyl46qUH29hVOtbSK.jpg","backdrop_path":"/gMWrKQjoTIpYjhc8SxZF20EDIES.jpg"},"budget":60000000,"genres":[{"id":16,"name":"Animation"},{"id":35,"name":"Comedy"},{"id":14,"name":"Fantasy"},{"id":12,"name":"Adventure"},{"id":10751,"name":"Family"}],"homepage":"http://www.dreamworksanimation.com/shrek/","id":808,"imdb_id":"tt0126029","original_language":"en","original_title":"Shrek","overview":"It
        ain''t easy bein'' green -- especially if you''re a likable (albeit smelly)
        ogre named Shrek. On a mission to retrieve a gorgeous princess from the clutches
        of a fire-breathing dragon, Shrek teams up with an unlikely compatriot --
        a wisecracking donkey.","popularity":244.15,"poster_path":"/iB64vpL3dIObOtMZgX3RqdVdQDc.jpg","production_companies":[{"id":7,"logo_path":"/vru2SssLX3FPhnKZGtYw00pVIS9.png","name":"DreamWorks
        Pictures","origin_country":"US"},{"id":520,"logo_path":"/pU7YTI9FfrICurXpl5V9TfCO0oJ.png","name":"Pacific
        Data Images","origin_country":"US"},{"id":521,"logo_path":"/kP7t6RwGz2AvvTkvnI1uteEwHet.png","name":"DreamWorks
        Animation","origin_country":"US"}],"production_countries":[{"iso_3166_1":"US","name":"United
        States of America"}],"release_date":"2001-05-18","revenue":487853320,"runtime":90,"spoken_languages":[{"english_name":"English","iso_639_1":"en","name":"English"}],"status":"Released","tagline":"The
        greatest fairy tale never told.","title":"Shrek","video":false,"vote_average":7.718,"vote_count":15104}'
  recorded_at: Mon, 03 Apr 2023 19:11:33 GMT
- request:
    method: get
    uri: https://api.themoviedb.org/3/movie/808
    body:
      encoding: US-ASCII
      string: ''
    headers:
      Authorization:
      - movie_db_token>
      User-Agent:
      - Faraday v2.7.4
      Accept-Encoding:
      - gzip;q=1.0,deflate;q=0.6,identity;q=0.3
      Accept:
      - "*/*"
  response:
    status:
      code: 200
      message: OK
    headers:
      Content-Type:
      - application/json;charset=utf-8
      Transfer-Encoding:
      - chunked
      Connection:
      - keep-alive
      Date:
      - Mon, 03 Apr 2023 19:10:50 GMT
      Server:
      - openresty
      Cache-Control:
      - public, max-age=24273
      X-Memc:
      - HIT
      X-Memc-Key:
      - fa36800a4a699b32ba20de24746e1936
      X-Memc-Age:
      - '12246'
      X-Memc-Expires:
      - '4648'
      Etag:
      - W/"8a2c65ed07ba5b5c81b08f11091230b2"
      Vary:
      - Accept-Encoding
      - Origin
      X-Cache:
      - Hit from cloudfront
      Via:
      - 1.1 3dc4c80cd959e984309833cac8f5a630.cloudfront.net (CloudFront)
      X-Amz-Cf-Pop:
      - DEN52-P2
      Alt-Svc:
      - h3=":443"; ma=86400
      X-Amz-Cf-Id:
      - En0bY6tkn7a5UQZveBKKo0_eY3Mk8q2vQp8pX7Um7GG8e2MEmiuHEA==
      Age:
      - '43'
    body:
      encoding: ASCII-8BIT
      string: '{"adult":false,"backdrop_path":"/sRvXNDItGlWCqtO3j6wks52FmbD.jpg","belongs_to_collection":{"id":2150,"name":"Shrek
        Collection","poster_path":"/qNHZMe92A7Pyl46qUH29hVOtbSK.jpg","backdrop_path":"/gMWrKQjoTIpYjhc8SxZF20EDIES.jpg"},"budget":60000000,"genres":[{"id":16,"name":"Animation"},{"id":35,"name":"Comedy"},{"id":14,"name":"Fantasy"},{"id":12,"name":"Adventure"},{"id":10751,"name":"Family"}],"homepage":"http://www.dreamworksanimation.com/shrek/","id":808,"imdb_id":"tt0126029","original_language":"en","original_title":"Shrek","overview":"It
        ain''t easy bein'' green -- especially if you''re a likable (albeit smelly)
        ogre named Shrek. On a mission to retrieve a gorgeous princess from the clutches
        of a fire-breathing dragon, Shrek teams up with an unlikely compatriot --
        a wisecracking donkey.","popularity":244.15,"poster_path":"/iB64vpL3dIObOtMZgX3RqdVdQDc.jpg","production_companies":[{"id":7,"logo_path":"/vru2SssLX3FPhnKZGtYw00pVIS9.png","name":"DreamWorks
        Pictures","origin_country":"US"},{"id":520,"logo_path":"/pU7YTI9FfrICurXpl5V9TfCO0oJ.png","name":"Pacific
        Data Images","origin_country":"US"},{"id":521,"logo_path":"/kP7t6RwGz2AvvTkvnI1uteEwHet.png","name":"DreamWorks
        Animation","origin_country":"US"}],"production_countries":[{"iso_3166_1":"US","name":"United
        States of America"}],"release_date":"2001-05-18","revenue":487853320,"runtime":90,"spoken_languages":[{"english_name":"English","iso_639_1":"en","name":"English"}],"status":"Released","tagline":"The
        greatest fairy tale never told.","title":"Shrek","video":false,"vote_average":7.718,"vote_count":15104}'
  recorded_at: Mon, 03 Apr 2023 19:11:33 GMT
recorded_with: VCR 6.1.0
