---
http_interactions:
- request:
    method: get
    uri: https://api.themoviedb.org/3/movie/808
    body:
      encoding: US-ASCII
      string: ''
    headers:
      Authorization:
      - movie_db_token>
      User-Agent:
      - Faraday v2.7.4
      Accept-Encoding:
      - gzip;q=1.0,deflate;q=0.6,identity;q=0.3
      Accept:
      - "*/*"
  response:
    status:
      code: 200
      message: OK
    headers:
      Content-Type:
      - application/json;charset=utf-8
      Transfer-Encoding:
      - chunked
      Connection:
      - keep-alive
      Date:
      - Mon, 03 Apr 2023 20:16:36 GMT
      Server:
      - openresty
      Cache-Control:
      - public, max-age=26379
      X-Memc:
      - HIT
      X-Memc-Key:
      - fa36800a4a699b32ba20de24746e1936
      X-Memc-Age:
      - '16192'
      X-Memc-Expires:
      - '702'
      Etag:
      - W/"8a2c65ed07ba5b5c81b08f11091230b2"
      Vary:
      - Accept-Encoding
      - Origin
      X-Cache:
      - Hit from cloudfront
      Via:
      - 1.1 cf7db6af8b8a86ebeb9fc938221e81da.cloudfront.net (CloudFront)
      X-Amz-Cf-Pop:
      - DEN52-P2
      Alt-Svc:
      - h3=":443"; ma=86400
      X-Amz-Cf-Id:
      - SvRy0hCdEKLP9tTRVzrKkGi6PlCwLFjKaWnjqFfvec7Pwb6RMTeXyg==
      Age:
      - '6'
    body:
      encoding: ASCII-8BIT
      string: '{"adult":false,"backdrop_path":"/sRvXNDItGlWCqtO3j6wks52FmbD.jpg","belongs_to_collection":{"id":2150,"name":"Shrek
        Collection","poster_path":"/qNHZMe92A7Pyl46qUH29hVOtbSK.jpg","backdrop_path":"/gMWrKQjoTIpYjhc8SxZF20EDIES.jpg"},"budget":60000000,"genres":[{"id":16,"name":"Animation"},{"id":35,"name":"Comedy"},{"id":14,"name":"Fantasy"},{"id":12,"name":"Adventure"},{"id":10751,"name":"Family"}],"homepage":"http://www.dreamworksanimation.com/shrek/","id":808,"imdb_id":"tt0126029","original_language":"en","original_title":"Shrek","overview":"It
        ain''t easy bein'' green -- especially if you''re a likable (albeit smelly)
        ogre named Shrek. On a mission to retrieve a gorgeous princess from the clutches
        of a fire-breathing dragon, Shrek teams up with an unlikely compatriot --
        a wisecracking donkey.","popularity":244.15,"poster_path":"/iB64vpL3dIObOtMZgX3RqdVdQDc.jpg","production_companies":[{"id":7,"logo_path":"/vru2SssLX3FPhnKZGtYw00pVIS9.png","name":"DreamWorks
        Pictures","origin_country":"US"},{"id":520,"logo_path":"/pU7YTI9FfrICurXpl5V9TfCO0oJ.png","name":"Pacific
        Data Images","origin_country":"US"},{"id":521,"logo_path":"/kP7t6RwGz2AvvTkvnI1uteEwHet.png","name":"DreamWorks
        Animation","origin_country":"US"}],"production_countries":[{"iso_3166_1":"US","name":"United
        States of America"}],"release_date":"2001-05-18","revenue":487853320,"runtime":90,"spoken_languages":[{"english_name":"English","iso_639_1":"en","name":"English"}],"status":"Released","tagline":"The
        greatest fairy tale never told.","title":"Shrek","video":false,"vote_average":7.718,"vote_count":15104}'
  recorded_at: Mon, 03 Apr 2023 20:16:42 GMT
- request:
    method: get
    uri: https://api.themoviedb.org/3/movie/808
    body:
      encoding: US-ASCII
      string: ''
    headers:
      Authorization:
      - movie_db_token>
      User-Agent:
      - Faraday v2.7.4
      Accept-Encoding:
      - gzip;q=1.0,deflate;q=0.6,identity;q=0.3
      Accept:
      - "*/*"
  response:
    status:
      code: 200
      message: OK
    headers:
      Content-Type:
      - application/json;charset=utf-8
      Transfer-Encoding:
      - chunked
      Connection:
      - keep-alive
      Date:
      - Mon, 03 Apr 2023 20:16:36 GMT
      Server:
      - openresty
      Cache-Control:
      - public, max-age=26379
      X-Memc:
      - HIT
      X-Memc-Key:
      - fa36800a4a699b32ba20de24746e1936
      X-Memc-Age:
      - '16192'
      X-Memc-Expires:
      - '702'
      Etag:
      - W/"8a2c65ed07ba5b5c81b08f11091230b2"
      Vary:
      - Accept-Encoding
      - Origin
      X-Cache:
      - Hit from cloudfront
      Via:
      - 1.1 cf7db6af8b8a86ebeb9fc938221e81da.cloudfront.net (CloudFront)
      X-Amz-Cf-Pop:
      - DEN52-P2
      Alt-Svc:
      - h3=":443"; ma=86400
      X-Amz-Cf-Id:
      - "-P0MovOFT5yANDVYw6mhBWirzfJN09tjqXsEuTYIqc0YhgtXfx93tA=="
      Age:
      - '6'
    body:
      encoding: ASCII-8BIT
      string: '{"adult":false,"backdrop_path":"/sRvXNDItGlWCqtO3j6wks52FmbD.jpg","belongs_to_collection":{"id":2150,"name":"Shrek
        Collection","poster_path":"/qNHZMe92A7Pyl46qUH29hVOtbSK.jpg","backdrop_path":"/gMWrKQjoTIpYjhc8SxZF20EDIES.jpg"},"budget":60000000,"genres":[{"id":16,"name":"Animation"},{"id":35,"name":"Comedy"},{"id":14,"name":"Fantasy"},{"id":12,"name":"Adventure"},{"id":10751,"name":"Family"}],"homepage":"http://www.dreamworksanimation.com/shrek/","id":808,"imdb_id":"tt0126029","original_language":"en","original_title":"Shrek","overview":"It
        ain''t easy bein'' green -- especially if you''re a likable (albeit smelly)
        ogre named Shrek. On a mission to retrieve a gorgeous princess from the clutches
        of a fire-breathing dragon, Shrek teams up with an unlikely compatriot --
        a wisecracking donkey.","popularity":244.15,"poster_path":"/iB64vpL3dIObOtMZgX3RqdVdQDc.jpg","production_companies":[{"id":7,"logo_path":"/vru2SssLX3FPhnKZGtYw00pVIS9.png","name":"DreamWorks
        Pictures","origin_country":"US"},{"id":520,"logo_path":"/pU7YTI9FfrICurXpl5V9TfCO0oJ.png","name":"Pacific
        Data Images","origin_country":"US"},{"id":521,"logo_path":"/kP7t6RwGz2AvvTkvnI1uteEwHet.png","name":"DreamWorks
        Animation","origin_country":"US"}],"production_countries":[{"iso_3166_1":"US","name":"United
        States of America"}],"release_date":"2001-05-18","revenue":487853320,"runtime":90,"spoken_languages":[{"english_name":"English","iso_639_1":"en","name":"English"}],"status":"Released","tagline":"The
        greatest fairy tale never told.","title":"Shrek","video":false,"vote_average":7.718,"vote_count":15104}'
  recorded_at: Mon, 03 Apr 2023 20:16:42 GMT
- request:
    method: get
    uri: https://api.themoviedb.org/3/movie/238
    body:
      encoding: US-ASCII
      string: ''
    headers:
      Authorization:
      - movie_db_token>
      User-Agent:
      - Faraday v2.7.4
      Accept-Encoding:
      - gzip;q=1.0,deflate;q=0.6,identity;q=0.3
      Accept:
      - "*/*"
  response:
    status:
      code: 200
      message: OK
    headers:
      Content-Type:
      - application/json;charset=utf-8
      Transfer-Encoding:
      - chunked
      Connection:
      - keep-alive
      Date:
      - Mon, 03 Apr 2023 20:16:34 GMT
      Server:
      - openresty
      Cache-Control:
      - public, max-age=21788
      X-Memc:
      - HIT
      X-Memc-Key:
      - 9d48db5c244b9c3e3d162ef155211175
      X-Memc-Age:
      - '626'
      X-Memc-Expires:
      - '26485'
      Etag:
      - W/"d83513abde3474fb4d2c5ff7ac43eb26"
      Vary:
      - Accept-Encoding
      - Origin
      X-Cache:
      - Hit from cloudfront
      Via:
      - 1.1 9eceed849af3c369b60088e6ae5ad92c.cloudfront.net (CloudFront)
      X-Amz-Cf-Pop:
      - DEN52-P2
      Alt-Svc:
      - h3=":443"; ma=86400
      X-Amz-Cf-Id:
      - XOuiWRYvQ7agx4Uvy0H73ESJ5Fpy0c85m1QW_QGAnYGCuJ7jhTAWCQ==
      Age:
      - '8'
    body:
      encoding: ASCII-8BIT
      string: '{"adult":false,"backdrop_path":"/tmU7GeKVybMWFButWEGl2M4GeiP.jpg","belongs_to_collection":{"id":230,"name":"The
        Godfather Collection","poster_path":"/9Baumh5J9N1nJUYzNkm0xsgjpwY.jpg","backdrop_path":"/3WZTxpgscsmoUk81TuECXdFOD0R.jpg"},"budget":6000000,"genres":[{"id":18,"name":"Drama"},{"id":80,"name":"Crime"}],"homepage":"http://www.thegodfather.com/","id":238,"imdb_id":"tt0068646","original_language":"en","original_title":"The
        Godfather","overview":"Spanning the years 1945 to 1955, a chronicle of the
        fictional Italian-American Corleone crime family. When organized crime family
        patriarch, Vito Corleone barely survives an attempt on his life, his youngest
        son, Michael steps in to take care of the would-be killers, launching a campaign
        of bloody revenge.","popularity":116.283,"poster_path":"/3bhkrj58Vtu7enYsRolD1fZdja1.jpg","production_companies":[{"id":4,"logo_path":"/gz66EfNoYPqHTYI4q9UEN4CbHRc.png","name":"Paramount","origin_country":"US"},{"id":10211,"logo_path":null,"name":"Alfran
        Productions","origin_country":"US"}],"production_countries":[{"iso_3166_1":"US","name":"United
        States of America"}],"release_date":"1972-03-14","revenue":245066411,"runtime":175,"spoken_languages":[{"english_name":"English","iso_639_1":"en","name":"English"},{"english_name":"Italian","iso_639_1":"it","name":"Italiano"},{"english_name":"Latin","iso_639_1":"la","name":"Latin"}],"status":"Released","tagline":"An
        offer you can''t refuse.","title":"The Godfather","video":false,"vote_average":8.712,"vote_count":17680}'
  recorded_at: Mon, 03 Apr 2023 20:16:42 GMT
- request:
    method: get
    uri: https://api.themoviedb.org/3/movie/238
    body:
      encoding: US-ASCII
      string: ''
    headers:
      Authorization:
      - movie_db_token>
      User-Agent:
      - Faraday v2.7.4
      Accept-Encoding:
      - gzip;q=1.0,deflate;q=0.6,identity;q=0.3
      Accept:
      - "*/*"
  response:
    status:
      code: 200
      message: OK
    headers:
      Content-Type:
      - application/json;charset=utf-8
      Transfer-Encoding:
      - chunked
      Connection:
      - keep-alive
      Date:
      - Mon, 03 Apr 2023 20:16:34 GMT
      Server:
      - openresty
      Cache-Control:
      - public, max-age=21788
      X-Memc:
      - HIT
      X-Memc-Key:
      - 9d48db5c244b9c3e3d162ef155211175
      X-Memc-Age:
      - '626'
      X-Memc-Expires:
      - '26485'
      Etag:
      - W/"d83513abde3474fb4d2c5ff7ac43eb26"
      Vary:
      - Accept-Encoding
      - Origin
      X-Cache:
      - Hit from cloudfront
      Via:
      - 1.1 1152d84b916a23e4b38cef1a20064b3e.cloudfront.net (CloudFront)
      X-Amz-Cf-Pop:
      - DEN52-P2
      Alt-Svc:
      - h3=":443"; ma=86400
      X-Amz-Cf-Id:
      - OJbFnK-aPmGIWvm-xJxVbq0sxtgZpQtuLaeVrONKfsFIp6SiApSDoQ==
      Age:
      - '8'
    body:
      encoding: ASCII-8BIT
      string: '{"adult":false,"backdrop_path":"/tmU7GeKVybMWFButWEGl2M4GeiP.jpg","belongs_to_collection":{"id":230,"name":"The
        Godfather Collection","poster_path":"/9Baumh5J9N1nJUYzNkm0xsgjpwY.jpg","backdrop_path":"/3WZTxpgscsmoUk81TuECXdFOD0R.jpg"},"budget":6000000,"genres":[{"id":18,"name":"Drama"},{"id":80,"name":"Crime"}],"homepage":"http://www.thegodfather.com/","id":238,"imdb_id":"tt0068646","original_language":"en","original_title":"The
        Godfather","overview":"Spanning the years 1945 to 1955, a chronicle of the
        fictional Italian-American Corleone crime family. When organized crime family
        patriarch, Vito Corleone barely survives an attempt on his life, his youngest
        son, Michael steps in to take care of the would-be killers, launching a campaign
        of bloody revenge.","popularity":116.283,"poster_path":"/3bhkrj58Vtu7enYsRolD1fZdja1.jpg","production_companies":[{"id":4,"logo_path":"/gz66EfNoYPqHTYI4q9UEN4CbHRc.png","name":"Paramount","origin_country":"US"},{"id":10211,"logo_path":null,"name":"Alfran
        Productions","origin_country":"US"}],"production_countries":[{"iso_3166_1":"US","name":"United
        States of America"}],"release_date":"1972-03-14","revenue":245066411,"runtime":175,"spoken_languages":[{"english_name":"English","iso_639_1":"en","name":"English"},{"english_name":"Italian","iso_639_1":"it","name":"Italiano"},{"english_name":"Latin","iso_639_1":"la","name":"Latin"}],"status":"Released","tagline":"An
        offer you can''t refuse.","title":"The Godfather","video":false,"vote_average":8.712,"vote_count":17680}'
  recorded_at: Mon, 03 Apr 2023 20:16:42 GMT
- request:
    method: get
    uri: https://api.themoviedb.org/3/movie/808
    body:
      encoding: US-ASCII
      string: ''
    headers:
      Authorization:
      - movie_db_token>
      User-Agent:
      - Faraday v2.7.4
      Accept-Encoding:
      - gzip;q=1.0,deflate;q=0.6,identity;q=0.3
      Accept:
      - "*/*"
  response:
    status:
      code: 200
      message: OK
    headers:
      Content-Type:
      - application/json;charset=utf-8
      Transfer-Encoding:
      - chunked
      Connection:
      - keep-alive
      Date:
      - Mon, 03 Apr 2023 20:16:36 GMT
      Server:
      - openresty
      Cache-Control:
      - public, max-age=26379
      X-Memc:
      - HIT
      X-Memc-Key:
      - fa36800a4a699b32ba20de24746e1936
      X-Memc-Age:
      - '16192'
      X-Memc-Expires:
      - '702'
      Etag:
      - W/"8a2c65ed07ba5b5c81b08f11091230b2"
      Vary:
      - Accept-Encoding
      - Origin
      X-Cache:
      - Hit from cloudfront
      Via:
      - 1.1 d9fe97589e952f97209f7a422c89d876.cloudfront.net (CloudFront)
      X-Amz-Cf-Pop:
      - DEN52-P2
      Alt-Svc:
      - h3=":443"; ma=86400
      X-Amz-Cf-Id:
      - 8VvLrRguq3SDSZy671ETZ7PpWQpzgscVBYK4ibKnjORn6oewPY7oZg==
      Age:
      - '407'
    body:
      encoding: ASCII-8BIT
      string: '{"adult":false,"backdrop_path":"/sRvXNDItGlWCqtO3j6wks52FmbD.jpg","belongs_to_collection":{"id":2150,"name":"Shrek
        Collection","poster_path":"/qNHZMe92A7Pyl46qUH29hVOtbSK.jpg","backdrop_path":"/gMWrKQjoTIpYjhc8SxZF20EDIES.jpg"},"budget":60000000,"genres":[{"id":16,"name":"Animation"},{"id":35,"name":"Comedy"},{"id":14,"name":"Fantasy"},{"id":12,"name":"Adventure"},{"id":10751,"name":"Family"}],"homepage":"http://www.dreamworksanimation.com/shrek/","id":808,"imdb_id":"tt0126029","original_language":"en","original_title":"Shrek","overview":"It
        ain''t easy bein'' green -- especially if you''re a likable (albeit smelly)
        ogre named Shrek. On a mission to retrieve a gorgeous princess from the clutches
        of a fire-breathing dragon, Shrek teams up with an unlikely compatriot --
        a wisecracking donkey.","popularity":244.15,"poster_path":"/iB64vpL3dIObOtMZgX3RqdVdQDc.jpg","production_companies":[{"id":7,"logo_path":"/vru2SssLX3FPhnKZGtYw00pVIS9.png","name":"DreamWorks
        Pictures","origin_country":"US"},{"id":520,"logo_path":"/pU7YTI9FfrICurXpl5V9TfCO0oJ.png","name":"Pacific
        Data Images","origin_country":"US"},{"id":521,"logo_path":"/kP7t6RwGz2AvvTkvnI1uteEwHet.png","name":"DreamWorks
        Animation","origin_country":"US"}],"production_countries":[{"iso_3166_1":"US","name":"United
        States of America"}],"release_date":"2001-05-18","revenue":487853320,"runtime":90,"spoken_languages":[{"english_name":"English","iso_639_1":"en","name":"English"}],"status":"Released","tagline":"The
        greatest fairy tale never told.","title":"Shrek","video":false,"vote_average":7.718,"vote_count":15104}'
  recorded_at: Mon, 03 Apr 2023 20:23:23 GMT
- request:
    method: get
    uri: https://api.themoviedb.org/3/movie/808
    body:
      encoding: US-ASCII
      string: ''
    headers:
      Authorization:
      - movie_db_token>
      User-Agent:
      - Faraday v2.7.4
      Accept-Encoding:
      - gzip;q=1.0,deflate;q=0.6,identity;q=0.3
      Accept:
      - "*/*"
  response:
    status:
      code: 200
      message: OK
    headers:
      Content-Type:
      - application/json;charset=utf-8
      Transfer-Encoding:
      - chunked
      Connection:
      - keep-alive
      Date:
      - Mon, 03 Apr 2023 20:16:36 GMT
      Server:
      - openresty
      Cache-Control:
      - public, max-age=26379
      X-Memc:
      - HIT
      X-Memc-Key:
      - fa36800a4a699b32ba20de24746e1936
      X-Memc-Age:
      - '16192'
      X-Memc-Expires:
      - '702'
      Etag:
      - W/"8a2c65ed07ba5b5c81b08f11091230b2"
      Vary:
      - Accept-Encoding
      - Origin
      X-Cache:
      - Hit from cloudfront
      Via:
      - 1.1 cf7db6af8b8a86ebeb9fc938221e81da.cloudfront.net (CloudFront)
      X-Amz-Cf-Pop:
      - DEN52-P2
      Alt-Svc:
      - h3=":443"; ma=86400
      X-Amz-Cf-Id:
      - UDibtKDbTbOudGgUSPmsTFonwlWk0uMOjhRw8-fqV-Ajh2EjMB4z_A==
      Age:
      - '407'
    body:
      encoding: ASCII-8BIT
      string: '{"adult":false,"backdrop_path":"/sRvXNDItGlWCqtO3j6wks52FmbD.jpg","belongs_to_collection":{"id":2150,"name":"Shrek
        Collection","poster_path":"/qNHZMe92A7Pyl46qUH29hVOtbSK.jpg","backdrop_path":"/gMWrKQjoTIpYjhc8SxZF20EDIES.jpg"},"budget":60000000,"genres":[{"id":16,"name":"Animation"},{"id":35,"name":"Comedy"},{"id":14,"name":"Fantasy"},{"id":12,"name":"Adventure"},{"id":10751,"name":"Family"}],"homepage":"http://www.dreamworksanimation.com/shrek/","id":808,"imdb_id":"tt0126029","original_language":"en","original_title":"Shrek","overview":"It
        ain''t easy bein'' green -- especially if you''re a likable (albeit smelly)
        ogre named Shrek. On a mission to retrieve a gorgeous princess from the clutches
        of a fire-breathing dragon, Shrek teams up with an unlikely compatriot --
        a wisecracking donkey.","popularity":244.15,"poster_path":"/iB64vpL3dIObOtMZgX3RqdVdQDc.jpg","production_companies":[{"id":7,"logo_path":"/vru2SssLX3FPhnKZGtYw00pVIS9.png","name":"DreamWorks
        Pictures","origin_country":"US"},{"id":520,"logo_path":"/pU7YTI9FfrICurXpl5V9TfCO0oJ.png","name":"Pacific
        Data Images","origin_country":"US"},{"id":521,"logo_path":"/kP7t6RwGz2AvvTkvnI1uteEwHet.png","name":"DreamWorks
        Animation","origin_country":"US"}],"production_countries":[{"iso_3166_1":"US","name":"United
        States of America"}],"release_date":"2001-05-18","revenue":487853320,"runtime":90,"spoken_languages":[{"english_name":"English","iso_639_1":"en","name":"English"}],"status":"Released","tagline":"The
        greatest fairy tale never told.","title":"Shrek","video":false,"vote_average":7.718,"vote_count":15104}'
  recorded_at: Mon, 03 Apr 2023 20:23:23 GMT
- request:
    method: get
    uri: https://api.themoviedb.org/3/movie/808
    body:
      encoding: US-ASCII
      string: ''
    headers:
      Authorization:
      - movie_db_token>
      User-Agent:
      - Faraday v2.7.4
      Accept-Encoding:
      - gzip;q=1.0,deflate;q=0.6,identity;q=0.3
      Accept:
      - "*/*"
  response:
    status:
      code: 200
      message: OK
    headers:
      Content-Type:
      - application/json;charset=utf-8
      Transfer-Encoding:
      - chunked
      Connection:
      - keep-alive
      Date:
      - Mon, 03 Apr 2023 20:16:36 GMT
      Server:
      - openresty
      Cache-Control:
      - public, max-age=26379
      X-Memc:
      - HIT
      X-Memc-Key:
      - fa36800a4a699b32ba20de24746e1936
      X-Memc-Age:
      - '16192'
      X-Memc-Expires:
      - '702'
      Etag:
      - W/"8a2c65ed07ba5b5c81b08f11091230b2"
      Vary:
      - Accept-Encoding
      - Origin
      X-Cache:
      - Hit from cloudfront
      Via:
      - 1.1 5d351175d5947d478733fbecdab866f6.cloudfront.net (CloudFront)
      X-Amz-Cf-Pop:
      - DEN52-P2
      Alt-Svc:
      - h3=":443"; ma=86400
      X-Amz-Cf-Id:
      - Bl1vpjnYbq3aoToCINErFQWyGpz4VC1wm3jh3Ci-q6CbgUhM0Z5aqw==
      Age:
      - '407'
    body:
      encoding: ASCII-8BIT
      string: '{"adult":false,"backdrop_path":"/sRvXNDItGlWCqtO3j6wks52FmbD.jpg","belongs_to_collection":{"id":2150,"name":"Shrek
        Collection","poster_path":"/qNHZMe92A7Pyl46qUH29hVOtbSK.jpg","backdrop_path":"/gMWrKQjoTIpYjhc8SxZF20EDIES.jpg"},"budget":60000000,"genres":[{"id":16,"name":"Animation"},{"id":35,"name":"Comedy"},{"id":14,"name":"Fantasy"},{"id":12,"name":"Adventure"},{"id":10751,"name":"Family"}],"homepage":"http://www.dreamworksanimation.com/shrek/","id":808,"imdb_id":"tt0126029","original_language":"en","original_title":"Shrek","overview":"It
        ain''t easy bein'' green -- especially if you''re a likable (albeit smelly)
        ogre named Shrek. On a mission to retrieve a gorgeous princess from the clutches
        of a fire-breathing dragon, Shrek teams up with an unlikely compatriot --
        a wisecracking donkey.","popularity":244.15,"poster_path":"/iB64vpL3dIObOtMZgX3RqdVdQDc.jpg","production_companies":[{"id":7,"logo_path":"/vru2SssLX3FPhnKZGtYw00pVIS9.png","name":"DreamWorks
        Pictures","origin_country":"US"},{"id":520,"logo_path":"/pU7YTI9FfrICurXpl5V9TfCO0oJ.png","name":"Pacific
        Data Images","origin_country":"US"},{"id":521,"logo_path":"/kP7t6RwGz2AvvTkvnI1uteEwHet.png","name":"DreamWorks
        Animation","origin_country":"US"}],"production_countries":[{"iso_3166_1":"US","name":"United
        States of America"}],"release_date":"2001-05-18","revenue":487853320,"runtime":90,"spoken_languages":[{"english_name":"English","iso_639_1":"en","name":"English"}],"status":"Released","tagline":"The
        greatest fairy tale never told.","title":"Shrek","video":false,"vote_average":7.718,"vote_count":15104}'
  recorded_at: Mon, 03 Apr 2023 20:23:23 GMT
- request:
    method: get
    uri: https://api.themoviedb.org/3/movie/808
    body:
      encoding: US-ASCII
      string: ''
    headers:
      Authorization:
      - movie_db_token>
      User-Agent:
      - Faraday v2.7.4
      Accept-Encoding:
      - gzip;q=1.0,deflate;q=0.6,identity;q=0.3
      Accept:
      - "*/*"
  response:
    status:
      code: 200
      message: OK
    headers:
      Content-Type:
      - application/json;charset=utf-8
      Transfer-Encoding:
      - chunked
      Connection:
      - keep-alive
      Date:
      - Mon, 03 Apr 2023 20:16:36 GMT
      Server:
      - openresty
      Cache-Control:
      - public, max-age=26379
      X-Memc:
      - HIT
      X-Memc-Key:
      - fa36800a4a699b32ba20de24746e1936
      X-Memc-Age:
      - '16192'
      X-Memc-Expires:
      - '702'
      Etag:
      - W/"8a2c65ed07ba5b5c81b08f11091230b2"
      Vary:
      - Accept-Encoding
      - Origin
      X-Cache:
      - Hit from cloudfront
      Via:
      - 1.1 44e92eddc431cc09e1e2c5b24edc90f8.cloudfront.net (CloudFront)
      X-Amz-Cf-Pop:
      - DEN52-P2
      Alt-Svc:
      - h3=":443"; ma=86400
      X-Amz-Cf-Id:
      - nKv1-sbfVctxdYm66zsGFnOjUz84VEimK5eQsqftfuMv4y4HTSqMfQ==
      Age:
      - '408'
    body:
      encoding: ASCII-8BIT
      string: '{"adult":false,"backdrop_path":"/sRvXNDItGlWCqtO3j6wks52FmbD.jpg","belongs_to_collection":{"id":2150,"name":"Shrek
        Collection","poster_path":"/qNHZMe92A7Pyl46qUH29hVOtbSK.jpg","backdrop_path":"/gMWrKQjoTIpYjhc8SxZF20EDIES.jpg"},"budget":60000000,"genres":[{"id":16,"name":"Animation"},{"id":35,"name":"Comedy"},{"id":14,"name":"Fantasy"},{"id":12,"name":"Adventure"},{"id":10751,"name":"Family"}],"homepage":"http://www.dreamworksanimation.com/shrek/","id":808,"imdb_id":"tt0126029","original_language":"en","original_title":"Shrek","overview":"It
        ain''t easy bein'' green -- especially if you''re a likable (albeit smelly)
        ogre named Shrek. On a mission to retrieve a gorgeous princess from the clutches
        of a fire-breathing dragon, Shrek teams up with an unlikely compatriot --
        a wisecracking donkey.","popularity":244.15,"poster_path":"/iB64vpL3dIObOtMZgX3RqdVdQDc.jpg","production_companies":[{"id":7,"logo_path":"/vru2SssLX3FPhnKZGtYw00pVIS9.png","name":"DreamWorks
        Pictures","origin_country":"US"},{"id":520,"logo_path":"/pU7YTI9FfrICurXpl5V9TfCO0oJ.png","name":"Pacific
        Data Images","origin_country":"US"},{"id":521,"logo_path":"/kP7t6RwGz2AvvTkvnI1uteEwHet.png","name":"DreamWorks
        Animation","origin_country":"US"}],"production_countries":[{"iso_3166_1":"US","name":"United
        States of America"}],"release_date":"2001-05-18","revenue":487853320,"runtime":90,"spoken_languages":[{"english_name":"English","iso_639_1":"en","name":"English"}],"status":"Released","tagline":"The
        greatest fairy tale never told.","title":"Shrek","video":false,"vote_average":7.718,"vote_count":15104}'
  recorded_at: Mon, 03 Apr 2023 20:23:24 GMT
- request:
    method: get
    uri: https://api.themoviedb.org/3/movie/238
    body:
      encoding: US-ASCII
      string: ''
    headers:
      Authorization:
      - movie_db_token>
      User-Agent:
      - Faraday v2.7.4
      Accept-Encoding:
      - gzip;q=1.0,deflate;q=0.6,identity;q=0.3
      Accept:
      - "*/*"
  response:
    status:
      code: 200
      message: OK
    headers:
      Content-Type:
      - application/json;charset=utf-8
      Transfer-Encoding:
      - chunked
      Connection:
      - keep-alive
      Date:
      - Mon, 03 Apr 2023 20:16:34 GMT
      Server:
      - openresty
      Cache-Control:
      - public, max-age=21788
      X-Memc:
      - HIT
      X-Memc-Key:
      - 9d48db5c244b9c3e3d162ef155211175
      X-Memc-Age:
      - '626'
      X-Memc-Expires:
      - '26485'
      Etag:
      - W/"d83513abde3474fb4d2c5ff7ac43eb26"
      Vary:
      - Accept-Encoding
      - Origin
      X-Cache:
      - Hit from cloudfront
      Via:
      - 1.1 f9a5caa2a18f480171fad57618db559e.cloudfront.net (CloudFront)
      X-Amz-Cf-Pop:
      - DEN52-P2
      Alt-Svc:
      - h3=":443"; ma=86400
      X-Amz-Cf-Id:
      - qGorxSat-cZF3o8Pb3qxX1xqouHDib_I1aMbkbj1EO48CAfBQ5nowQ==
      Age:
      - '410'
    body:
      encoding: ASCII-8BIT
      string: '{"adult":false,"backdrop_path":"/tmU7GeKVybMWFButWEGl2M4GeiP.jpg","belongs_to_collection":{"id":230,"name":"The
        Godfather Collection","poster_path":"/9Baumh5J9N1nJUYzNkm0xsgjpwY.jpg","backdrop_path":"/3WZTxpgscsmoUk81TuECXdFOD0R.jpg"},"budget":6000000,"genres":[{"id":18,"name":"Drama"},{"id":80,"name":"Crime"}],"homepage":"http://www.thegodfather.com/","id":238,"imdb_id":"tt0068646","original_language":"en","original_title":"The
        Godfather","overview":"Spanning the years 1945 to 1955, a chronicle of the
        fictional Italian-American Corleone crime family. When organized crime family
        patriarch, Vito Corleone barely survives an attempt on his life, his youngest
        son, Michael steps in to take care of the would-be killers, launching a campaign
        of bloody revenge.","popularity":116.283,"poster_path":"/3bhkrj58Vtu7enYsRolD1fZdja1.jpg","production_companies":[{"id":4,"logo_path":"/gz66EfNoYPqHTYI4q9UEN4CbHRc.png","name":"Paramount","origin_country":"US"},{"id":10211,"logo_path":null,"name":"Alfran
        Productions","origin_country":"US"}],"production_countries":[{"iso_3166_1":"US","name":"United
        States of America"}],"release_date":"1972-03-14","revenue":245066411,"runtime":175,"spoken_languages":[{"english_name":"English","iso_639_1":"en","name":"English"},{"english_name":"Italian","iso_639_1":"it","name":"Italiano"},{"english_name":"Latin","iso_639_1":"la","name":"Latin"}],"status":"Released","tagline":"An
        offer you can''t refuse.","title":"The Godfather","video":false,"vote_average":8.712,"vote_count":17680}'
  recorded_at: Mon, 03 Apr 2023 20:23:24 GMT
- request:
    method: get
    uri: https://api.themoviedb.org/3/movie/238
    body:
      encoding: US-ASCII
      string: ''
    headers:
      Authorization:
      - movie_db_token>
      User-Agent:
      - Faraday v2.7.4
      Accept-Encoding:
      - gzip;q=1.0,deflate;q=0.6,identity;q=0.3
      Accept:
      - "*/*"
  response:
    status:
      code: 200
      message: OK
    headers:
      Content-Type:
      - application/json;charset=utf-8
      Transfer-Encoding:
      - chunked
      Connection:
      - keep-alive
      Date:
      - Mon, 03 Apr 2023 20:16:34 GMT
      Server:
      - openresty
      Cache-Control:
      - public, max-age=21788
      X-Memc:
      - HIT
      X-Memc-Key:
      - 9d48db5c244b9c3e3d162ef155211175
      X-Memc-Age:
      - '626'
      X-Memc-Expires:
      - '26485'
      Etag:
      - W/"d83513abde3474fb4d2c5ff7ac43eb26"
      Vary:
      - Accept-Encoding
      - Origin
      X-Cache:
      - Hit from cloudfront
      Via:
      - 1.1 0ecc9d4faf14441bafb84971a4117abc.cloudfront.net (CloudFront)
      X-Amz-Cf-Pop:
      - DEN52-P2
      Alt-Svc:
      - h3=":443"; ma=86400
      X-Amz-Cf-Id:
      - VwRwssHdTj6VyjgjH5fAExHA1iTxhwNLT5FbCH8XJ0wVSxjXoMZyZQ==
      Age:
      - '410'
    body:
      encoding: ASCII-8BIT
      string: '{"adult":false,"backdrop_path":"/tmU7GeKVybMWFButWEGl2M4GeiP.jpg","belongs_to_collection":{"id":230,"name":"The
        Godfather Collection","poster_path":"/9Baumh5J9N1nJUYzNkm0xsgjpwY.jpg","backdrop_path":"/3WZTxpgscsmoUk81TuECXdFOD0R.jpg"},"budget":6000000,"genres":[{"id":18,"name":"Drama"},{"id":80,"name":"Crime"}],"homepage":"http://www.thegodfather.com/","id":238,"imdb_id":"tt0068646","original_language":"en","original_title":"The
        Godfather","overview":"Spanning the years 1945 to 1955, a chronicle of the
        fictional Italian-American Corleone crime family. When organized crime family
        patriarch, Vito Corleone barely survives an attempt on his life, his youngest
        son, Michael steps in to take care of the would-be killers, launching a campaign
        of bloody revenge.","popularity":116.283,"poster_path":"/3bhkrj58Vtu7enYsRolD1fZdja1.jpg","production_companies":[{"id":4,"logo_path":"/gz66EfNoYPqHTYI4q9UEN4CbHRc.png","name":"Paramount","origin_country":"US"},{"id":10211,"logo_path":null,"name":"Alfran
        Productions","origin_country":"US"}],"production_countries":[{"iso_3166_1":"US","name":"United
        States of America"}],"release_date":"1972-03-14","revenue":245066411,"runtime":175,"spoken_languages":[{"english_name":"English","iso_639_1":"en","name":"English"},{"english_name":"Italian","iso_639_1":"it","name":"Italiano"},{"english_name":"Latin","iso_639_1":"la","name":"Latin"}],"status":"Released","tagline":"An
        offer you can''t refuse.","title":"The Godfather","video":false,"vote_average":8.712,"vote_count":17680}'
  recorded_at: Mon, 03 Apr 2023 20:23:24 GMT
- request:
    method: get
    uri: https://api.themoviedb.org/3/movie/238
    body:
      encoding: US-ASCII
      string: ''
    headers:
      Authorization:
      - movie_db_token>
      User-Agent:
      - Faraday v2.7.4
      Accept-Encoding:
      - gzip;q=1.0,deflate;q=0.6,identity;q=0.3
      Accept:
      - "*/*"
  response:
    status:
      code: 200
      message: OK
    headers:
      Content-Type:
      - application/json;charset=utf-8
      Transfer-Encoding:
      - chunked
      Connection:
      - keep-alive
      Date:
      - Mon, 03 Apr 2023 20:16:34 GMT
      Server:
      - openresty
      Cache-Control:
      - public, max-age=21788
      X-Memc:
      - HIT
      X-Memc-Key:
      - 9d48db5c244b9c3e3d162ef155211175
      X-Memc-Age:
      - '626'
      X-Memc-Expires:
      - '26485'
      Etag:
      - W/"d83513abde3474fb4d2c5ff7ac43eb26"
      Vary:
      - Accept-Encoding
      - Origin
      X-Cache:
      - Hit from cloudfront
      Via:
      - 1.1 61ff1927788a811372346b5470412a78.cloudfront.net (CloudFront)
      X-Amz-Cf-Pop:
      - DEN52-P2
      Alt-Svc:
      - h3=":443"; ma=86400
      X-Amz-Cf-Id:
      - 4hWFYSmTUuqlSCOOb36xye1GO7iXsQaqfbB9VwO1fOGcSUdbIFcgFg==
      Age:
      - '410'
    body:
      encoding: ASCII-8BIT
      string: '{"adult":false,"backdrop_path":"/tmU7GeKVybMWFButWEGl2M4GeiP.jpg","belongs_to_collection":{"id":230,"name":"The
        Godfather Collection","poster_path":"/9Baumh5J9N1nJUYzNkm0xsgjpwY.jpg","backdrop_path":"/3WZTxpgscsmoUk81TuECXdFOD0R.jpg"},"budget":6000000,"genres":[{"id":18,"name":"Drama"},{"id":80,"name":"Crime"}],"homepage":"http://www.thegodfather.com/","id":238,"imdb_id":"tt0068646","original_language":"en","original_title":"The
        Godfather","overview":"Spanning the years 1945 to 1955, a chronicle of the
        fictional Italian-American Corleone crime family. When organized crime family
        patriarch, Vito Corleone barely survives an attempt on his life, his youngest
        son, Michael steps in to take care of the would-be killers, launching a campaign
        of bloody revenge.","popularity":116.283,"poster_path":"/3bhkrj58Vtu7enYsRolD1fZdja1.jpg","production_companies":[{"id":4,"logo_path":"/gz66EfNoYPqHTYI4q9UEN4CbHRc.png","name":"Paramount","origin_country":"US"},{"id":10211,"logo_path":null,"name":"Alfran
        Productions","origin_country":"US"}],"production_countries":[{"iso_3166_1":"US","name":"United
        States of America"}],"release_date":"1972-03-14","revenue":245066411,"runtime":175,"spoken_languages":[{"english_name":"English","iso_639_1":"en","name":"English"},{"english_name":"Italian","iso_639_1":"it","name":"Italiano"},{"english_name":"Latin","iso_639_1":"la","name":"Latin"}],"status":"Released","tagline":"An
        offer you can''t refuse.","title":"The Godfather","video":false,"vote_average":8.712,"vote_count":17680}'
  recorded_at: Mon, 03 Apr 2023 20:23:24 GMT
- request:
    method: get
    uri: https://api.themoviedb.org/3/movie/238
    body:
      encoding: US-ASCII
      string: ''
    headers:
      Authorization:
      - movie_db_token>
      User-Agent:
      - Faraday v2.7.4
      Accept-Encoding:
      - gzip;q=1.0,deflate;q=0.6,identity;q=0.3
      Accept:
      - "*/*"
  response:
    status:
      code: 200
      message: OK
    headers:
      Content-Type:
      - application/json;charset=utf-8
      Transfer-Encoding:
      - chunked
      Connection:
      - keep-alive
      Date:
      - Mon, 03 Apr 2023 20:16:34 GMT
      Server:
      - openresty
      Cache-Control:
      - public, max-age=21788
      X-Memc:
      - HIT
      X-Memc-Key:
      - 9d48db5c244b9c3e3d162ef155211175
      X-Memc-Age:
      - '626'
      X-Memc-Expires:
      - '26485'
      Etag:
      - W/"d83513abde3474fb4d2c5ff7ac43eb26"
      Vary:
      - Accept-Encoding
      - Origin
      X-Cache:
      - Hit from cloudfront
      Via:
      - 1.1 a7c0ba01db75946f7df3f7eaf69984b6.cloudfront.net (CloudFront)
      X-Amz-Cf-Pop:
      - DEN52-P2
      Alt-Svc:
      - h3=":443"; ma=86400
      X-Amz-Cf-Id:
      - MKQVP283u3-qoLNqTuk6nhAfEMrTzdAzqW3zJ-hXS7gJgC0Cu6e-zA==
      Age:
      - '410'
    body:
      encoding: ASCII-8BIT
      string: '{"adult":false,"backdrop_path":"/tmU7GeKVybMWFButWEGl2M4GeiP.jpg","belongs_to_collection":{"id":230,"name":"The
        Godfather Collection","poster_path":"/9Baumh5J9N1nJUYzNkm0xsgjpwY.jpg","backdrop_path":"/3WZTxpgscsmoUk81TuECXdFOD0R.jpg"},"budget":6000000,"genres":[{"id":18,"name":"Drama"},{"id":80,"name":"Crime"}],"homepage":"http://www.thegodfather.com/","id":238,"imdb_id":"tt0068646","original_language":"en","original_title":"The
        Godfather","overview":"Spanning the years 1945 to 1955, a chronicle of the
        fictional Italian-American Corleone crime family. When organized crime family
        patriarch, Vito Corleone barely survives an attempt on his life, his youngest
        son, Michael steps in to take care of the would-be killers, launching a campaign
        of bloody revenge.","popularity":116.283,"poster_path":"/3bhkrj58Vtu7enYsRolD1fZdja1.jpg","production_companies":[{"id":4,"logo_path":"/gz66EfNoYPqHTYI4q9UEN4CbHRc.png","name":"Paramount","origin_country":"US"},{"id":10211,"logo_path":null,"name":"Alfran
        Productions","origin_country":"US"}],"production_countries":[{"iso_3166_1":"US","name":"United
        States of America"}],"release_date":"1972-03-14","revenue":245066411,"runtime":175,"spoken_languages":[{"english_name":"English","iso_639_1":"en","name":"English"},{"english_name":"Italian","iso_639_1":"it","name":"Italiano"},{"english_name":"Latin","iso_639_1":"la","name":"Latin"}],"status":"Released","tagline":"An
        offer you can''t refuse.","title":"The Godfather","video":false,"vote_average":8.712,"vote_count":17680}'
  recorded_at: Mon, 03 Apr 2023 20:23:24 GMT
recorded_with: VCR 6.1.0
