---
http_interactions:
- request:
    method: get
    uri: https://api.themoviedb.org/3/movie/808
    body:
      encoding: US-ASCII
      string: ''
    headers:
      Authorization:
      - movie_db_token>
      User-Agent:
      - Faraday v2.7.4
      Accept-Encoding:
      - gzip;q=1.0,deflate;q=0.6,identity;q=0.3
      Accept:
      - "*/*"
  response:
    status:
      code: 200
      message: OK
    headers:
      Content-Type:
      - application/json;charset=utf-8
      Transfer-Encoding:
      - chunked
      Connection:
      - keep-alive
      Date:
      - Mon, 03 Apr 2023 19:10:50 GMT
      Server:
      - openresty
      Cache-Control:
      - public, max-age=24273
      X-Memc:
      - HIT
      X-Memc-Key:
      - fa36800a4a699b32ba20de24746e1936
      X-Memc-Age:
      - '12246'
      X-Memc-Expires:
      - '4648'
      Etag:
      - W/"8a2c65ed07ba5b5c81b08f11091230b2"
      Vary:
      - Accept-Encoding
      - Origin
      X-Cache:
      - Hit from cloudfront
      Via:
      - 1.1 422414d66021e4e123bcb2b5087f7042.cloudfront.net (CloudFront)
      X-Amz-Cf-Pop:
      - DEN52-P2
      Alt-Svc:
      - h3=":443"; ma=86400
      X-Amz-Cf-Id:
      - 7wzmvZr46fqCa4OGs4Nt0q6bCit1x7iZokr7lkpYcZo2PdaHHXHg9w==
      Age:
      - '6'
    body:
      encoding: ASCII-8BIT
      string: '{"adult":false,"backdrop_path":"/sRvXNDItGlWCqtO3j6wks52FmbD.jpg","belongs_to_collection":{"id":2150,"name":"Shrek
        Collection","poster_path":"/qNHZMe92A7Pyl46qUH29hVOtbSK.jpg","backdrop_path":"/gMWrKQjoTIpYjhc8SxZF20EDIES.jpg"},"budget":60000000,"genres":[{"id":16,"name":"Animation"},{"id":35,"name":"Comedy"},{"id":14,"name":"Fantasy"},{"id":12,"name":"Adventure"},{"id":10751,"name":"Family"}],"homepage":"http://www.dreamworksanimation.com/shrek/","id":808,"imdb_id":"tt0126029","original_language":"en","original_title":"Shrek","overview":"It
        ain''t easy bein'' green -- especially if you''re a likable (albeit smelly)
        ogre named Shrek. On a mission to retrieve a gorgeous princess from the clutches
        of a fire-breathing dragon, Shrek teams up with an unlikely compatriot --
        a wisecracking donkey.","popularity":244.15,"poster_path":"/iB64vpL3dIObOtMZgX3RqdVdQDc.jpg","production_companies":[{"id":7,"logo_path":"/vru2SssLX3FPhnKZGtYw00pVIS9.png","name":"DreamWorks
        Pictures","origin_country":"US"},{"id":520,"logo_path":"/pU7YTI9FfrICurXpl5V9TfCO0oJ.png","name":"Pacific
        Data Images","origin_country":"US"},{"id":521,"logo_path":"/kP7t6RwGz2AvvTkvnI1uteEwHet.png","name":"DreamWorks
        Animation","origin_country":"US"}],"production_countries":[{"iso_3166_1":"US","name":"United
        States of America"}],"release_date":"2001-05-18","revenue":487853320,"runtime":90,"spoken_languages":[{"english_name":"English","iso_639_1":"en","name":"English"}],"status":"Released","tagline":"The
        greatest fairy tale never told.","title":"Shrek","video":false,"vote_average":7.718,"vote_count":15104}'
  recorded_at: Mon, 03 Apr 2023 19:10:56 GMT
- request:
    method: get
    uri: https://api.themoviedb.org/3/movie/808
    body:
      encoding: US-ASCII
      string: ''
    headers:
      Authorization:
      - movie_db_token>
      User-Agent:
      - Faraday v2.7.4
      Accept-Encoding:
      - gzip;q=1.0,deflate;q=0.6,identity;q=0.3
      Accept:
      - "*/*"
  response:
    status:
      code: 200
      message: OK
    headers:
      Content-Type:
      - application/json;charset=utf-8
      Transfer-Encoding:
      - chunked
      Connection:
      - keep-alive
      Date:
      - Mon, 03 Apr 2023 19:10:50 GMT
      Server:
      - openresty
      Cache-Control:
      - public, max-age=24273
      X-Memc:
      - HIT
      X-Memc-Key:
      - fa36800a4a699b32ba20de24746e1936
      X-Memc-Age:
      - '12246'
      X-Memc-Expires:
      - '4648'
      Etag:
      - W/"8a2c65ed07ba5b5c81b08f11091230b2"
      Vary:
      - Accept-Encoding
      - Origin
      X-Cache:
      - Hit from cloudfront
      Via:
      - 1.1 1c80fe425edf82026702c486fb324fd0.cloudfront.net (CloudFront)
      X-Amz-Cf-Pop:
      - DEN52-P2
      Alt-Svc:
      - h3=":443"; ma=86400
      X-Amz-Cf-Id:
      - ZLLR77q68deFoVrvw2aETjJGdCNqUKzA3254ueMDqrpar8LKH4hudA==
      Age:
      - '6'
    body:
      encoding: ASCII-8BIT
      string: '{"adult":false,"backdrop_path":"/sRvXNDItGlWCqtO3j6wks52FmbD.jpg","belongs_to_collection":{"id":2150,"name":"Shrek
        Collection","poster_path":"/qNHZMe92A7Pyl46qUH29hVOtbSK.jpg","backdrop_path":"/gMWrKQjoTIpYjhc8SxZF20EDIES.jpg"},"budget":60000000,"genres":[{"id":16,"name":"Animation"},{"id":35,"name":"Comedy"},{"id":14,"name":"Fantasy"},{"id":12,"name":"Adventure"},{"id":10751,"name":"Family"}],"homepage":"http://www.dreamworksanimation.com/shrek/","id":808,"imdb_id":"tt0126029","original_language":"en","original_title":"Shrek","overview":"It
        ain''t easy bein'' green -- especially if you''re a likable (albeit smelly)
        ogre named Shrek. On a mission to retrieve a gorgeous princess from the clutches
        of a fire-breathing dragon, Shrek teams up with an unlikely compatriot --
        a wisecracking donkey.","popularity":244.15,"poster_path":"/iB64vpL3dIObOtMZgX3RqdVdQDc.jpg","production_companies":[{"id":7,"logo_path":"/vru2SssLX3FPhnKZGtYw00pVIS9.png","name":"DreamWorks
        Pictures","origin_country":"US"},{"id":520,"logo_path":"/pU7YTI9FfrICurXpl5V9TfCO0oJ.png","name":"Pacific
        Data Images","origin_country":"US"},{"id":521,"logo_path":"/kP7t6RwGz2AvvTkvnI1uteEwHet.png","name":"DreamWorks
        Animation","origin_country":"US"}],"production_countries":[{"iso_3166_1":"US","name":"United
        States of America"}],"release_date":"2001-05-18","revenue":487853320,"runtime":90,"spoken_languages":[{"english_name":"English","iso_639_1":"en","name":"English"}],"status":"Released","tagline":"The
        greatest fairy tale never told.","title":"Shrek","video":false,"vote_average":7.718,"vote_count":15104}'
  recorded_at: Mon, 03 Apr 2023 19:10:56 GMT
- request:
    method: get
    uri: https://api.themoviedb.org/3/movie/808
    body:
      encoding: US-ASCII
      string: ''
    headers:
      Authorization:
      - movie_db_token>
      User-Agent:
      - Faraday v2.7.4
      Accept-Encoding:
      - gzip;q=1.0,deflate;q=0.6,identity;q=0.3
      Accept:
      - "*/*"
  response:
    status:
      code: 200
      message: OK
    headers:
      Content-Type:
      - application/json;charset=utf-8
      Transfer-Encoding:
      - chunked
      Connection:
      - keep-alive
      Date:
      - Mon, 03 Apr 2023 19:10:50 GMT
      Server:
      - openresty
      Cache-Control:
      - public, max-age=24273
      X-Memc:
      - HIT
      X-Memc-Key:
      - fa36800a4a699b32ba20de24746e1936
      X-Memc-Age:
      - '12246'
      X-Memc-Expires:
      - '4648'
      Etag:
      - W/"8a2c65ed07ba5b5c81b08f11091230b2"
      Vary:
      - Accept-Encoding
      - Origin
      X-Cache:
      - Hit from cloudfront
      Via:
      - 1.1 5957ea451aa45a9d254075e89c5df686.cloudfront.net (CloudFront)
      X-Amz-Cf-Pop:
      - DEN52-P2
      Alt-Svc:
      - h3=":443"; ma=86400
      X-Amz-Cf-Id:
      - I85Z-z8_aZOEoeM_npYiE_X6WRLIH907zE5negKXzXo1EQSSFSZf6A==
      Age:
      - '45'
    body:
      encoding: ASCII-8BIT
      string: '{"adult":false,"backdrop_path":"/sRvXNDItGlWCqtO3j6wks52FmbD.jpg","belongs_to_collection":{"id":2150,"name":"Shrek
        Collection","poster_path":"/qNHZMe92A7Pyl46qUH29hVOtbSK.jpg","backdrop_path":"/gMWrKQjoTIpYjhc8SxZF20EDIES.jpg"},"budget":60000000,"genres":[{"id":16,"name":"Animation"},{"id":35,"name":"Comedy"},{"id":14,"name":"Fantasy"},{"id":12,"name":"Adventure"},{"id":10751,"name":"Family"}],"homepage":"http://www.dreamworksanimation.com/shrek/","id":808,"imdb_id":"tt0126029","original_language":"en","original_title":"Shrek","overview":"It
        ain''t easy bein'' green -- especially if you''re a likable (albeit smelly)
        ogre named Shrek. On a mission to retrieve a gorgeous princess from the clutches
        of a fire-breathing dragon, Shrek teams up with an unlikely compatriot --
        a wisecracking donkey.","popularity":244.15,"poster_path":"/iB64vpL3dIObOtMZgX3RqdVdQDc.jpg","production_companies":[{"id":7,"logo_path":"/vru2SssLX3FPhnKZGtYw00pVIS9.png","name":"DreamWorks
        Pictures","origin_country":"US"},{"id":520,"logo_path":"/pU7YTI9FfrICurXpl5V9TfCO0oJ.png","name":"Pacific
        Data Images","origin_country":"US"},{"id":521,"logo_path":"/kP7t6RwGz2AvvTkvnI1uteEwHet.png","name":"DreamWorks
        Animation","origin_country":"US"}],"production_countries":[{"iso_3166_1":"US","name":"United
        States of America"}],"release_date":"2001-05-18","revenue":487853320,"runtime":90,"spoken_languages":[{"english_name":"English","iso_639_1":"en","name":"English"}],"status":"Released","tagline":"The
        greatest fairy tale never told.","title":"Shrek","video":false,"vote_average":7.718,"vote_count":15104}'
  recorded_at: Mon, 03 Apr 2023 19:11:35 GMT
- request:
    method: get
    uri: https://api.themoviedb.org/3/movie/808
    body:
      encoding: US-ASCII
      string: ''
    headers:
      Authorization:
      - movie_db_token>
      User-Agent:
      - Faraday v2.7.4
      Accept-Encoding:
      - gzip;q=1.0,deflate;q=0.6,identity;q=0.3
      Accept:
      - "*/*"
  response:
    status:
      code: 200
      message: OK
    headers:
      Content-Type:
      - application/json;charset=utf-8
      Transfer-Encoding:
      - chunked
      Connection:
      - keep-alive
      Date:
      - Mon, 03 Apr 2023 19:10:50 GMT
      Server:
      - openresty
      Cache-Control:
      - public, max-age=24273
      X-Memc:
      - HIT
      X-Memc-Key:
      - fa36800a4a699b32ba20de24746e1936
      X-Memc-Age:
      - '12246'
      X-Memc-Expires:
      - '4648'
      Etag:
      - W/"8a2c65ed07ba5b5c81b08f11091230b2"
      Vary:
      - Accept-Encoding
      - Origin
      X-Cache:
      - Hit from cloudfront
      Via:
      - 1.1 d898fedd2c97412525c0a8011787cf32.cloudfront.net (CloudFront)
      X-Amz-Cf-Pop:
      - DEN52-P2
      Alt-Svc:
      - h3=":443"; ma=86400
      X-Amz-Cf-Id:
      - ZFtqlYticWi0_6aUiIT7xgO5Qi1L8azEA0uyn9c7qTnlYUYIyNGgeg==
      Age:
      - '46'
    body:
      encoding: ASCII-8BIT
      string: '{"adult":false,"backdrop_path":"/sRvXNDItGlWCqtO3j6wks52FmbD.jpg","belongs_to_collection":{"id":2150,"name":"Shrek
        Collection","poster_path":"/qNHZMe92A7Pyl46qUH29hVOtbSK.jpg","backdrop_path":"/gMWrKQjoTIpYjhc8SxZF20EDIES.jpg"},"budget":60000000,"genres":[{"id":16,"name":"Animation"},{"id":35,"name":"Comedy"},{"id":14,"name":"Fantasy"},{"id":12,"name":"Adventure"},{"id":10751,"name":"Family"}],"homepage":"http://www.dreamworksanimation.com/shrek/","id":808,"imdb_id":"tt0126029","original_language":"en","original_title":"Shrek","overview":"It
        ain''t easy bein'' green -- especially if you''re a likable (albeit smelly)
        ogre named Shrek. On a mission to retrieve a gorgeous princess from the clutches
        of a fire-breathing dragon, Shrek teams up with an unlikely compatriot --
        a wisecracking donkey.","popularity":244.15,"poster_path":"/iB64vpL3dIObOtMZgX3RqdVdQDc.jpg","production_companies":[{"id":7,"logo_path":"/vru2SssLX3FPhnKZGtYw00pVIS9.png","name":"DreamWorks
        Pictures","origin_country":"US"},{"id":520,"logo_path":"/pU7YTI9FfrICurXpl5V9TfCO0oJ.png","name":"Pacific
        Data Images","origin_country":"US"},{"id":521,"logo_path":"/kP7t6RwGz2AvvTkvnI1uteEwHet.png","name":"DreamWorks
        Animation","origin_country":"US"}],"production_countries":[{"iso_3166_1":"US","name":"United
        States of America"}],"release_date":"2001-05-18","revenue":487853320,"runtime":90,"spoken_languages":[{"english_name":"English","iso_639_1":"en","name":"English"}],"status":"Released","tagline":"The
        greatest fairy tale never told.","title":"Shrek","video":false,"vote_average":7.718,"vote_count":15104}'
  recorded_at: Mon, 03 Apr 2023 19:11:35 GMT
- request:
    method: get
    uri: https://api.themoviedb.org/3/movie/808
    body:
      encoding: US-ASCII
      string: ''
    headers:
      Authorization:
      - movie_db_token>
      User-Agent:
      - Faraday v2.7.4
      Accept-Encoding:
      - gzip;q=1.0,deflate;q=0.6,identity;q=0.3
      Accept:
      - "*/*"
  response:
    status:
      code: 200
      message: OK
    headers:
      Content-Type:
      - application/json;charset=utf-8
      Transfer-Encoding:
      - chunked
      Connection:
      - keep-alive
      Date:
      - Mon, 03 Apr 2023 19:10:50 GMT
      Server:
      - openresty
      Cache-Control:
      - public, max-age=24273
      X-Memc:
      - HIT
      X-Memc-Key:
      - fa36800a4a699b32ba20de24746e1936
      X-Memc-Age:
      - '12246'
      X-Memc-Expires:
      - '4648'
      Etag:
      - W/"8a2c65ed07ba5b5c81b08f11091230b2"
      Vary:
      - Accept-Encoding
      - Origin
      X-Cache:
      - Hit from cloudfront
      Via:
      - 1.1 5957ea451aa45a9d254075e89c5df686.cloudfront.net (CloudFront)
      X-Amz-Cf-Pop:
      - DEN52-P2
      Alt-Svc:
      - h3=":443"; ma=86400
      X-Amz-Cf-Id:
      - 0mF7FXi9pzQzezDqZ6E5stNI8O7sCGIXcvvaQXBxevcUeMNTFfrRDQ==
      Age:
      - '46'
    body:
      encoding: ASCII-8BIT
      string: '{"adult":false,"backdrop_path":"/sRvXNDItGlWCqtO3j6wks52FmbD.jpg","belongs_to_collection":{"id":2150,"name":"Shrek
        Collection","poster_path":"/qNHZMe92A7Pyl46qUH29hVOtbSK.jpg","backdrop_path":"/gMWrKQjoTIpYjhc8SxZF20EDIES.jpg"},"budget":60000000,"genres":[{"id":16,"name":"Animation"},{"id":35,"name":"Comedy"},{"id":14,"name":"Fantasy"},{"id":12,"name":"Adventure"},{"id":10751,"name":"Family"}],"homepage":"http://www.dreamworksanimation.com/shrek/","id":808,"imdb_id":"tt0126029","original_language":"en","original_title":"Shrek","overview":"It
        ain''t easy bein'' green -- especially if you''re a likable (albeit smelly)
        ogre named Shrek. On a mission to retrieve a gorgeous princess from the clutches
        of a fire-breathing dragon, Shrek teams up with an unlikely compatriot --
        a wisecracking donkey.","popularity":244.15,"poster_path":"/iB64vpL3dIObOtMZgX3RqdVdQDc.jpg","production_companies":[{"id":7,"logo_path":"/vru2SssLX3FPhnKZGtYw00pVIS9.png","name":"DreamWorks
        Pictures","origin_country":"US"},{"id":520,"logo_path":"/pU7YTI9FfrICurXpl5V9TfCO0oJ.png","name":"Pacific
        Data Images","origin_country":"US"},{"id":521,"logo_path":"/kP7t6RwGz2AvvTkvnI1uteEwHet.png","name":"DreamWorks
        Animation","origin_country":"US"}],"production_countries":[{"iso_3166_1":"US","name":"United
        States of America"}],"release_date":"2001-05-18","revenue":487853320,"runtime":90,"spoken_languages":[{"english_name":"English","iso_639_1":"en","name":"English"}],"status":"Released","tagline":"The
        greatest fairy tale never told.","title":"Shrek","video":false,"vote_average":7.718,"vote_count":15104}'
  recorded_at: Mon, 03 Apr 2023 19:11:36 GMT
- request:
    method: get
    uri: https://api.themoviedb.org/3/movie/808
    body:
      encoding: US-ASCII
      string: ''
    headers:
      Authorization:
      - movie_db_token>
      User-Agent:
      - Faraday v2.7.4
      Accept-Encoding:
      - gzip;q=1.0,deflate;q=0.6,identity;q=0.3
      Accept:
      - "*/*"
  response:
    status:
      code: 200
      message: OK
    headers:
      Content-Type:
      - application/json;charset=utf-8
      Transfer-Encoding:
      - chunked
      Connection:
      - keep-alive
      Date:
      - Mon, 03 Apr 2023 19:10:50 GMT
      Server:
      - openresty
      Cache-Control:
      - public, max-age=24273
      X-Memc:
      - HIT
      X-Memc-Key:
      - fa36800a4a699b32ba20de24746e1936
      X-Memc-Age:
      - '12246'
      X-Memc-Expires:
      - '4648'
      Etag:
      - W/"8a2c65ed07ba5b5c81b08f11091230b2"
      Vary:
      - Accept-Encoding
      - Origin
      X-Cache:
      - Hit from cloudfront
      Via:
      - 1.1 d4fb3448d1a8d3229dcf0a89f4bbe7e8.cloudfront.net (CloudFront)
      X-Amz-Cf-Pop:
      - DEN52-P2
      Alt-Svc:
      - h3=":443"; ma=86400
      X-Amz-Cf-Id:
      - mHvhv8eQatX9dg6bzGVCBi9Q3xiuOFLjroqX9mJzxDO86ypojKOCEw==
      Age:
      - '46'
    body:
      encoding: ASCII-8BIT
      string: '{"adult":false,"backdrop_path":"/sRvXNDItGlWCqtO3j6wks52FmbD.jpg","belongs_to_collection":{"id":2150,"name":"Shrek
        Collection","poster_path":"/qNHZMe92A7Pyl46qUH29hVOtbSK.jpg","backdrop_path":"/gMWrKQjoTIpYjhc8SxZF20EDIES.jpg"},"budget":60000000,"genres":[{"id":16,"name":"Animation"},{"id":35,"name":"Comedy"},{"id":14,"name":"Fantasy"},{"id":12,"name":"Adventure"},{"id":10751,"name":"Family"}],"homepage":"http://www.dreamworksanimation.com/shrek/","id":808,"imdb_id":"tt0126029","original_language":"en","original_title":"Shrek","overview":"It
        ain''t easy bein'' green -- especially if you''re a likable (albeit smelly)
        ogre named Shrek. On a mission to retrieve a gorgeous princess from the clutches
        of a fire-breathing dragon, Shrek teams up with an unlikely compatriot --
        a wisecracking donkey.","popularity":244.15,"poster_path":"/iB64vpL3dIObOtMZgX3RqdVdQDc.jpg","production_companies":[{"id":7,"logo_path":"/vru2SssLX3FPhnKZGtYw00pVIS9.png","name":"DreamWorks
        Pictures","origin_country":"US"},{"id":520,"logo_path":"/pU7YTI9FfrICurXpl5V9TfCO0oJ.png","name":"Pacific
        Data Images","origin_country":"US"},{"id":521,"logo_path":"/kP7t6RwGz2AvvTkvnI1uteEwHet.png","name":"DreamWorks
        Animation","origin_country":"US"}],"production_countries":[{"iso_3166_1":"US","name":"United
        States of America"}],"release_date":"2001-05-18","revenue":487853320,"runtime":90,"spoken_languages":[{"english_name":"English","iso_639_1":"en","name":"English"}],"status":"Released","tagline":"The
        greatest fairy tale never told.","title":"Shrek","video":false,"vote_average":7.718,"vote_count":15104}'
  recorded_at: Mon, 03 Apr 2023 19:11:36 GMT
recorded_with: VCR 6.1.0
